Command '['/opt/homebrew/bin/ffmpeg', '-f', 'rawvideo', '-vcodec', 'rawvideo', '-s', '640x480', '-pix_fmt', 'rgba', '-framerate', '15', '-loglevel', 'error', '-i', 'pipe:', '-vcodec', 'h264', '-pix_fmt', 'yuv420p', '-y', 'Experiment results/experiment3/custom prob False/1/animation.mp4']' returned non-zero exit status 255.